[[pretrain-gnn]] phase=gnn examples=15992 epochs=20 batch_size=64 device=cuda
/home/arihantr/ANLP/.venv/lib/python3.12/site-packages/torch/nn/modules/linear.py:125: UserWarning: Deterministic behavior was enabled with either `torch.use_deterministic_algorithms(True)` or `at::Context::setDeterministicAlgorithms(true)`, but this operation is not deterministic because it uses CuBLAS and you have CUDA >= 10.2. To enable deterministic behavior in this case, you must set an environment variable before running your PyTorch application: CUBLAS_WORKSPACE_CONFIG=:4096:8 or CUBLAS_WORKSPACE_CONFIG=:16:8. For more information, go to https://docs.nvidia.com/cuda/cublas/index.html#results-reproducibility (Triggered internally at ../aten/src/ATen/Context.cpp:208.)
  return F.linear(input, self.weight, self.bias)
/home/arihantr/ANLP/.venv/lib/python3.12/site-packages/torch/autograd/graph.py:825: UserWarning: Deterministic behavior was enabled with either `torch.use_deterministic_algorithms(True)` or `at::Context::setDeterministicAlgorithms(true)`, but this operation is not deterministic because it uses CuBLAS and you have CUDA >= 10.2. To enable deterministic behavior in this case, you must set an environment variable before running your PyTorch application: CUBLAS_WORKSPACE_CONFIG=:4096:8 or CUBLAS_WORKSPACE_CONFIG=:16:8. For more information, go to https://docs.nvidia.com/cuda/cublas/index.html#results-reproducibility (Triggered internally at ../aten/src/ATen/Context.cpp:208.)
  return Variable._execution_engine.run_backward(  # Calls into the C++ engine to run the backward pass
[[pretrain-gnn]] phase=gnn step=250/5000 mean_loss=2.2748 train_acc=0.5169 elapsed=35s rate=7.20/s
[[pretrain-gnn]] phase=gnn step=500/5000 elapsed=69s rate=7.22/s eta=623s loss=0.6765 acc=0.5797 epoch=2/20
[[pretrain-gnn]] phase=gnn step=500/5000 mean_loss=0.6877 train_acc=0.5800 elapsed=69s rate=7.22/s
[[pretrain-gnn]] phase=gnn step=750/5000 mean_loss=0.6675 train_acc=0.5970 elapsed=104s rate=7.22/s
[[pretrain-gnn]] phase=gnn step=1000/5000 elapsed=138s rate=7.23/s eta=553s loss=0.6381 acc=0.6024 epoch=4/20
[[pretrain-gnn]] phase=gnn step=1000/5000 mean_loss=0.6493 train_acc=0.6027 elapsed=138s rate=7.23/s
[[pretrain-gnn]] phase=gnn step=1250/5000 mean_loss=0.6376 train_acc=0.6151 elapsed=173s rate=7.23/s
[[pretrain-gnn]] phase=gnn step=1500/5000 elapsed=207s rate=7.23/s eta=484s loss=0.6050 acc=0.6182 epoch=6/20
[[pretrain-gnn]] phase=gnn step=1500/5000 mean_loss=0.6349 train_acc=0.6186 elapsed=207s rate=7.23/s
[[pretrain-gnn]] phase=gnn step=1750/5000 mean_loss=0.6338 train_acc=0.6166 elapsed=242s rate=7.23/s
[[pretrain-gnn]] phase=gnn step=2000/5000 elapsed=276s rate=7.23/s eta=415s loss=0.6200 acc=0.6229 epoch=8/20
[[pretrain-gnn]] phase=gnn step=2000/5000 mean_loss=0.6272 train_acc=0.6232 elapsed=276s rate=7.23/s
[[pretrain-gnn]] phase=gnn step=2250/5000 mean_loss=0.6152 train_acc=0.6440 elapsed=311s rate=7.23/s
[[pretrain-gnn]] phase=gnn step=2500/5000 elapsed=346s rate=7.23/s eta=346s loss=0.5678 acc=0.6521 epoch=10/20
[[pretrain-gnn]] phase=gnn step=2500/5000 mean_loss=0.6056 train_acc=0.6525 elapsed=346s rate=7.23/s
[[pretrain-gnn]] phase=gnn step=2750/5000 mean_loss=0.5964 train_acc=0.6621 elapsed=380s rate=7.24/s
[[pretrain-gnn]] phase=gnn step=3000/5000 elapsed=414s rate=7.24/s eta=276s loss=0.5580 acc=0.6667 epoch=12/20
[[pretrain-gnn]] phase=gnn step=3000/5000 mean_loss=0.5900 train_acc=0.6671 elapsed=414s rate=7.24/s
[[pretrain-gnn]] phase=gnn step=3250/5000 mean_loss=0.5880 train_acc=0.6668 elapsed=449s rate=7.24/s
[[pretrain-gnn]] phase=gnn step=3500/5000 elapsed=483s rate=7.24/s eta=207s loss=0.4949 acc=0.6688 epoch=14/20
[[pretrain-gnn]] phase=gnn step=3500/5000 mean_loss=0.5850 train_acc=0.6691 elapsed=483s rate=7.24/s
[[pretrain-gnn]] phase=gnn step=3750/5000 mean_loss=0.5791 train_acc=0.6733 elapsed=518s rate=7.24/s
[[pretrain-gnn]] phase=gnn step=4000/5000 elapsed=553s rate=7.24/s eta=138s loss=0.6941 acc=0.6763 epoch=16/20
[[pretrain-gnn]] phase=gnn step=4000/5000 mean_loss=0.5758 train_acc=0.6767 elapsed=553s rate=7.24/s
[[pretrain-gnn]] phase=gnn step=4250/5000 mean_loss=0.5748 train_acc=0.6752 elapsed=587s rate=7.24/s
[[pretrain-gnn]] phase=gnn step=4500/5000 elapsed=621s rate=7.24/s eta=69s loss=0.5255 acc=0.6801 epoch=18/20
[[pretrain-gnn]] phase=gnn step=4500/5000 mean_loss=0.5711 train_acc=0.6804 elapsed=621s rate=7.24/s
[[pretrain-gnn]] phase=gnn step=4750/5000 mean_loss=0.5703 train_acc=0.6827 elapsed=656s rate=7.24/s
[[pretrain-gnn]] phase=gnn step=5000/5000 elapsed=690s rate=7.24/s eta=0s loss=0.4997 acc=0.6830 epoch=20/20
[[pretrain-gnn]] phase=gnn step=5000/5000 mean_loss=0.5666 train_acc=0.6833 elapsed=690s rate=7.24/s
{
  "checkpoint": "outputs/v2_gate_variant_cf_tea/gnn/gnn.pt",
  "metadata": "outputs/v2_gate_variant_cf_tea/gnn/metadata.json",
  "labels": [
    "no",
    "yes"
  ],
  "training_accuracy": 0.6929714857428715
}
