[2026-08-22 22:56:55] === gate-variant-cf pipeline starting ===
[2026-08-22 22:56:55] STAGE=pipeline STATUS=running
[2026-08-22 22:56:55] STAGE=generate STATUS=running
[2026-08-22 22:56:55] GPU0 has 45458MiB free (need 0MiB) -- proceeding
[2026-08-22 22:56:55] running: /home/arihantr/ANLP/.venv/bin/graph-modi generate --config /home/arihantr/ANLP/Graph-Modi/configs/v2_gate_variant_cf_tea.yaml  (log: generate.log)
[2026-08-22 23:02:00] STAGE=generate STATUS=done
[2026-08-22 23:02:00] STAGE=pretrain-gnn STATUS=running
[2026-08-22 23:02:00] GPU0 has 45458MiB free (need 10000MiB) -- proceeding
[2026-08-22 23:02:00] running: /home/arihantr/ANLP/.venv/bin/graph-modi pretrain-gnn --config /home/arihantr/ANLP/Graph-Modi/configs/v2_gate_variant_cf_tea.yaml  (log: pretrain_gnn.log)
[2026-08-22 23:13:56] STAGE=pretrain-gnn STATUS=done
[2026-08-22 23:13:56] STAGE=train-tea STATUS=running
[2026-08-22 23:13:56] GPU0 has 45458MiB free (need 30000MiB) -- proceeding
[2026-08-22 23:13:56] running: /home/arihantr/ANLP/.venv/bin/graph-modi train-projector --config /home/arihantr/ANLP/Graph-Modi/configs/v2_gate_variant_cf_tea.yaml  (log: train-tea.attempt0.log)
[2026-08-22 23:36:48] STAGE=train-tea STATUS=done batch_size=24
[2026-08-22 23:36:48] STAGE=train-graphtoken STATUS=running
[2026-08-22 23:36:48] GPU0 has 45458MiB free (need 30000MiB) -- proceeding
[2026-08-22 23:36:48] running: /home/arihantr/ANLP/.venv/bin/graph-modi train-projector --config /home/arihantr/ANLP/Graph-Modi/configs/v2_gate_variant_cf_graphtoken.yaml  (log: train-graphtoken.attempt0.log)
[2026-08-22 23:59:49] STAGE=train-graphtoken STATUS=done batch_size=24
[2026-08-22 23:59:49] STAGE=static-eval-tea STATUS=running
[2026-08-22 23:59:49] GPU0 has 45458MiB free (need 20000MiB) -- proceeding
[2026-08-22 23:59:49] running: /home/arihantr/ANLP/.venv/bin/graph-modi static-eval --config /home/arihantr/ANLP/Graph-Modi/configs/v2_gate_variant_cf_tea.yaml --split validation  (log: static-eval-tea.log)
[2026-08-23 00:00:37] STAGE=static-eval-tea STATUS=done
[2026-08-23 00:00:37] STAGE=static-eval-graphtoken STATUS=running
[2026-08-23 00:00:37] GPU0 has 45458MiB free (need 20000MiB) -- proceeding
[2026-08-23 00:00:37] running: /home/arihantr/ANLP/.venv/bin/graph-modi static-eval --config /home/arihantr/ANLP/Graph-Modi/configs/v2_gate_variant_cf_graphtoken.yaml --split validation  (log: static-eval-graphtoken.log)
[2026-08-23 00:01:24] STAGE=static-eval-graphtoken STATUS=done
[2026-08-23 00:01:24] STAGE=evaluate-tea STATUS=running
[2026-08-23 00:01:24] GPU0 has 45458MiB free (need 15000MiB) -- proceeding
[2026-08-23 00:01:24] running: /home/arihantr/ANLP/.venv/bin/graph-modi evaluate --config /home/arihantr/ANLP/Graph-Modi/configs/v2_gate_variant_cf_tea.yaml  (log: evaluate-tea.attempt0.log)
[2026-08-23 00:29:24] STAGE=evaluate-tea STATUS=done batch_size=96
[2026-08-23 00:29:24] STAGE=evaluate-graphtoken STATUS=running
[2026-08-23 00:29:24] GPU0 has 45458MiB free (need 15000MiB) -- proceeding
[2026-08-23 00:29:24] running: /home/arihantr/ANLP/.venv/bin/graph-modi evaluate --config /home/arihantr/ANLP/Graph-Modi/configs/v2_gate_variant_cf_graphtoken.yaml  (log: evaluate-graphtoken.attempt0.log)
[2026-08-23 00:56:16] STAGE=evaluate-graphtoken STATUS=done batch_size=96
[2026-08-23 00:56:17] wrote final summary to /home/arihantr/ANLP/Graph-Modi/documents/experiments/gate_variant_cf_run_logs/final_summary.json
[2026-08-23 00:56:17] 
# Counterfactual gate-variant results

Static gate: TEA overall_accuracy=0.7742222222222223 passed=True
Static gate: GraphToken overall_accuracy=0.7711111111111111 passed=True

== TEA dynamic eval ==
  ood: answer-changing-turn acc=0.640 pred-matches-stale=0.360 (n=1237) edit_pred_acc=0.8015
  test: answer-changing-turn acc=0.757 pred-matches-stale=0.243 (n=514) edit_pred_acc=0.7938650306748466
  validation: answer-changing-turn acc=0.818 pred-matches-stale=0.182 (n=225) edit_pred_acc=0.7542857142857143
== GraphToken dynamic eval ==
  ood: answer-changing-turn acc=0.639 pred-matches-stale=0.361 (n=1237) edit_pred_acc=0.802
  test: answer-changing-turn acc=0.755 pred-matches-stale=0.245 (n=514) edit_pred_acc=0.7938650306748466
  validation: answer-changing-turn acc=0.804 pred-matches-stale=0.196 (n=225) edit_pred_acc=0.7371428571428571
[2026-08-23 00:56:17] STAGE=pipeline STATUS=done
[2026-08-23 00:56:17] === gate-variant-cf pipeline finished successfully ===
